// Vitest Snapshot v1, https://vitest.dev/guide/snapshot.html

exports[`Generated TS snapshot - math > contains stable header and a known function wrapper 1`] = `
"// Generated by tywrap
// Module: math
// DO NOT EDIT MANUALLY

declare const __bridge: { call<T = unknown>(qualified: string, args: unknown[]): Promise<T>; instantiate<T = unknown>(qualified: string, args: unknown[]): Promise<T>; };

/**
 * Return the arc cosine (measured in radians) of x.
 * 
 * The result is between 0 and pi.
 */
export async function acos(x: unknown): Promise<unknown> {
  return __bridge.call('math.acos', [x]);
}

/**
 * Return the inverse hyperbolic cosine of x.
 */
export async function acosh(x: unknown): Promise<unknown> {
  return __bridge.call('math.acosh', [x]);"
`;
